// Jest Snapshot v1, https://goo.gl/fbAQLP

exports[`DefaultFooter test copyright support false 1`] = `
<footer
  class="ant-layout-footer"
  style="padding:0"
>
  <footer
    class="ant-pro-global-footer"
  >
    <div
      class="ant-pro-global-footer-links"
    >
      <a
        href="https://pro.ant.design"
        target="_blank"
        title="Ant Design Pro"
      >
        Ant Design Pro
      </a>
      <a
        href="https://github.com/ant-design/ant-design-pro"
        target="_blank"
        title="github"
      />
      <a
        href="https://ant.design"
        target="_blank"
        title="Ant Design"
      >
        Ant Design
      </a>
    </div>
  </footer>
</footer>
`;
